node:internal/modules/cjs/loader:1408
  throw err;
  ^

Error: Cannot find module '/home/paulf/eliza/packages/polymarket-dashboard/.next/standalone/server.js'
    at Function._resolveFilename (node:internal/modules/cjs/loader:1405:15)
    at defaultResolveImpl (node:internal/modules/cjs/loader:1061:19)
    at resolveForCJSWithHooks (node:internal/modules/cjs/loader:1066:22)
    at Function._load (node:internal/modules/cjs/loader:1215:37)
    at TracingChannel.traceSync (node:diagnostics_channel:322:14)
    at wrapModuleLoad (node:internal/modules/cjs/loader:235:24)
    at Function.executeUserEntryPoint [as runMain] (node:internal/modules/run_main:151:5)
    at node:internal/main/run_main_module:33:47 {
  code: 'MODULE_NOT_FOUND',
  requireStack: []
}

Node.js v23.11.1

> @elizaos/polymarket-dashboard@0.1.0 start
> next start -p 3002

  ▲ Next.js 14.2.5
  - Local:        http://localhost:3002

 ✓ Starting...
 ✓ Ready in 292ms

> @elizaos/polymarket-dashboard@0.1.0 start
> next start -p 3002

  ▲ Next.js 14.2.5
  - Local:        http://localhost:3002

 ✓ Starting...
 ✓ Ready in 290ms
Killed
npm error Lifecycle script `start` failed with error:
npm error code 137
npm error path /home/paulf/eliza/packages/polymarket-dashboard
npm error workspace @elizaos/polymarket-dashboard@0.1.0
npm error location /home/paulf/eliza/packages/polymarket-dashboard
npm error command failed
npm error command sh -c next start -p 3002

> @elizaos/polymarket-dashboard@0.1.0 start
> next start -p 3002

  ▲ Next.js 14.2.5
  - Local:        http://localhost:3002

 ✓ Starting...
 ✓ Ready in 379ms
Killed
npm error Lifecycle script `start` failed with error:
npm error code 137
npm error path /home/paulf/eliza/packages/polymarket-dashboard
npm error workspace @elizaos/polymarket-dashboard@0.1.0
npm error location /home/paulf/eliza/packages/polymarket-dashboard
npm error command failed
npm error command sh -c next start -p 3002

> @elizaos/polymarket-dashboard@0.1.0 start
> next start -p 3002

  ▲ Next.js 14.2.5
  - Local:        http://localhost:3002

 ✓ Starting...
 ✓ Ready in 439ms
Killed
npm error Lifecycle script `start` failed with error:
npm error code 137
npm error path /home/paulf/eliza/packages/polymarket-dashboard
npm error workspace @elizaos/polymarket-dashboard@0.1.0
npm error location /home/paulf/eliza/packages/polymarket-dashboard
npm error command failed
npm error command sh -c next start -p 3002

> @elizaos/polymarket-dashboard@0.1.0 start
> next start -p 3002

  ▲ Next.js 14.2.5
  - Local:        http://localhost:3002

 ✓ Starting...
 ✓ Ready in 375ms
